
4 files with changes
====================

1) tests/Rules/switch.php:2

    ---------- begin diff ----------
@@ @@
 $array = [0, 1, 2, 3, 4, 5];
 $switchTmp5 = array_shift($array);

-switch (true) {
-    case c_eq($switchTmp5, 6):
+switch ($switchTmp5) {
+    case 6:
         echo 6;
         break;
-    case c_eq($switchTmp5, 5):
+    case 5:
         echo 5;
         break;

-    case c_eq($switchTmp5, 4):
+    case 4:
         echo 4;
         break;

-    case c_eq($switchTmp5, 3):
+    case 3:
         echo 3;
         break;

-    case c_eq($switchTmp5, 2):
+    case 2:
         echo 2;
         break;

-    case c_eq($switchTmp5, 1):
+    case 1:
         echo 1;
         break;

     default:
-    case c_eq($switchTmp5, 0):
+    case 0:
         echo 0;
         break;

@@ @@

     public function someFn(): ?int
     {
-        switch (true) {
-            case c_eq($this->t, 3):
+        switch ($this->t) {
+            case 3:
                 return 7;
-            case c_eq($this->t, 2):
+            case 2:
                 return 6;
             default:
                 return null;
@@ @@

     public function someOtherFn(): bool
     {
-        switch (true) {
-            case c_eq(self::C, 3):
+        switch (self::C) {
+            case 3:
                 return true;
             default:
                 return false;
@@ @@
 $i = 2;
 $switchTmp78 = $i++;

-switch (true) {
-    case c_eq($switchTmp78, 6):
+switch ($switchTmp78) {
+    case 6:
         echo 6;
         break;
-    case c_eq($switchTmp78, 5):
+    case 5:
         echo 5;
         break;

-    case c_eq($switchTmp78, 4):
+    case 4:
         echo 4;
         break;

-    case c_eq($switchTmp78, 3):
+    case 3:
         echo 3;
         break;

-    case c_eq($switchTmp78, 2):
+    case 2:
         echo 2;
         break;

-    case c_eq($switchTmp78, 1):
+    case 1:
         echo 1;
         break;

     default:
-    case c_eq($switchTmp78, 0):
+    case 0:
         echo 0;
         break;

@@ @@
 }
 $switchTmp109 = ['a' => $i++];

-switch (true) {
-    case c_eq($switchTmp109, 6):
+switch ($switchTmp109) {
+    case 6:
         echo 6;
         break;
-    case c_eq($switchTmp109, 5):
+    case 5:
         echo 5;
         break;
     default:
    ----------- end diff -----------

Applied rules:
 * RevertSwitchWithPhp7Behavior


2) tests/Rules/in_array.php:0

    ---------- begin diff ----------
@@ @@
 <?php

-$result = c_inArray('a', ['a']);
-$result = c_inArray('a', ['a']);
+$result = in_array('a', ['a']);
+$result = in_array('a', ['a']);
 $result = in_array('a', ['a'], true);
    ----------- end diff -----------

Applied rules:
 * RevertStringComparisonInArray


3) tests/Rules/array_search.php:0

    ---------- begin diff ----------
@@ @@
 <?php

-$result = c_arraySearch('a', [0]);
-$result = c_arraySearch('a', [0]);
+$result = array_search('a', [0]);
+$result = array_search('a', [0]);
 $result = array_search('a', [0], true);
    ----------- end diff -----------

Applied rules:
 * RevertStringComparisonArraySearch


4) tests/Rules/array_keys.php:0

    ---------- begin diff ----------
@@ @@
 <?php

 $result = array_keys([1, 2, 3]);
-$result = c_arrayKeys([1, 2, 3], 2);
-$result = c_arrayKeys([1, 2, 3], 2);
+$result = array_keys([1, 2, 3], 2);
+$result = array_keys([1, 2, 3], 2);
 $result = array_keys([1, 2, 3], 2, true);
    ----------- end diff -----------

Applied rules:
 * RevertStringComparisonArrayKeys


 [OK] 4 files have been changed by Rector                                                                               

